\BOOKMARK [1][-]{section.1}{\376\377\000W\000h\000a\000t\000\040\000A\000l\000g\000e\000b\000r\000a\000i\000c\000\040\000T\000o\000p\000o\000l\000o\000g\000y\000\040\000i\000s\000\040\000A\000b\000o\000u\000t}{}% 1
\BOOKMARK [1][-]{section.2}{\376\377\000H\000o\000m\000o\000l\000o\000g\000y\000:\000\040\000C\000o\000u\000n\000t\000i\000n\000g\000\040\000H\000o\000l\000e\000s\000\040\000w\000i\000t\000h\000\040\000A\000l\000g\000e\000b\000r\000a}{}% 2
\BOOKMARK [2][-]{subsection.2.1}{\376\377\000C\000h\000a\000i\000n\000s\000\040\000a\000n\000d\000\040\000B\000o\000u\000n\000d\000a\000r\000i\000e\000s}{section.2}% 3
\BOOKMARK [2][-]{subsection.2.2}{\376\377\000H\000o\000m\000o\000l\000o\000g\000y\000\040\000G\000r\000o\000u\000p\000s}{section.2}% 4
\BOOKMARK [2][-]{subsection.2.3}{\376\377\000R\000e\000l\000a\000t\000i\000v\000e\000\040\000H\000o\000m\000o\000l\000o\000g\000y\000\040\000a\000n\000d\000\040\000t\000h\000e\000\040\000L\000o\000n\000g\000\040\000E\000x\000a\000c\000t\000\040\000S\000e\000q\000u\000e\000n\000c\000e}{section.2}% 5
\BOOKMARK [2][-]{subsection.2.4}{\376\377\000E\000x\000c\000i\000s\000i\000o\000n\000\040\000a\000n\000d\000\040\000t\000h\000e\000\040\000M\000a\000y\000e\000r\040\023\000V\000i\000e\000t\000o\000r\000i\000s\000\040\000S\000e\000q\000u\000e\000n\000c\000e}{section.2}% 6
\BOOKMARK [2][-]{subsection.2.5}{\376\377\000C\000o\000m\000p\000u\000t\000i\000n\000g\000\040\000H\000o\000m\000o\000l\000o\000g\000y\000\040\000o\000f\000\040\000S\000p\000h\000e\000r\000e\000s\000\040\000a\000n\000d\000\040\000S\000u\000s\000p\000e\000n\000s\000i\000o\000n\000s}{section.2}% 7
\BOOKMARK [2][-]{subsection.2.6}{\376\377\000E\000u\000l\000e\000r\000\040\000C\000h\000a\000r\000a\000c\000t\000e\000r\000i\000s\000t\000i\000c}{section.2}% 8
\BOOKMARK [2][-]{subsection.2.7}{\376\377\000T\000h\000e\000\040\000A\000l\000g\000e\000b\000r\000a\000\040\000o\000f\000\040\000H\000o\000m\000o\000l\000o\000g\000y\000:\000\040\000T\000e\000n\000s\000o\000r\000\040\000P\000r\000o\000d\000u\000c\000t\000s\000\040\000a\000n\000d\000\040\000D\000i\000r\000e\000c\000t\000\040\000S\000u\000m\000s}{section.2}% 9
\BOOKMARK [1][-]{section.3}{\376\377\000C\000o\000h\000o\000m\000o\000l\000o\000g\000y\000:\000\040\000T\000h\000e\000\040\000D\000u\000a\000l\000\040\000P\000e\000r\000s\000p\000e\000c\000t\000i\000v\000e}{}% 10
\BOOKMARK [2][-]{subsection.3.1}{\376\377\000F\000r\000o\000m\000\040\000C\000h\000a\000i\000n\000s\000\040\000t\000o\000\040\000F\000u\000n\000c\000t\000i\000o\000n\000s}{section.3}% 11
\BOOKMARK [2][-]{subsection.3.2}{\376\377\000D\000e\000\040\000R\000h\000a\000m\000\040\000C\000o\000h\000o\000m\000o\000l\000o\000g\000y\000:\000\040\000A\000\040\000S\000m\000o\000o\000t\000h\000\040\000V\000i\000e\000w}{section.3}% 12
\BOOKMARK [2][-]{subsection.3.3}{\376\377\000W\000e\000d\000g\000e\000\040\000P\000r\000o\000d\000u\000c\000t\000\040\000a\000n\000d\000\040\000t\000h\000e\000\040\000C\000u\000p\000\040\000P\000r\000o\000d\000u\000c\000t}{section.3}% 13
\BOOKMARK [2][-]{subsection.3.4}{\376\377\000S\000t\000o\000k\000e\000s\000'\000\040\000T\000h\000e\000o\000r\000e\000m\000\040\000a\000n\000d\000\040\000D\000u\000a\000l\000i\000t\000y}{section.3}% 14
\BOOKMARK [1][-]{section.4}{\376\377\000H\000o\000m\000o\000t\000o\000p\000y\000\040\000G\000r\000o\000u\000p\000s\000:\000\040\000L\000o\000o\000p\000s\000\040\000a\000n\000d\000\040\000H\000i\000g\000h\000e\000r\000\040\000S\000p\000h\000e\000r\000e\000s}{}% 15
\BOOKMARK [2][-]{subsection.4.1}{\376\377\000T\000h\000e\000\040\000F\000u\000n\000d\000a\000m\000e\000n\000t\000a\000l\000\040\000G\000r\000o\000u\000p}{section.4}% 16
\BOOKMARK [2][-]{subsection.4.2}{\376\377\000H\000i\000g\000h\000e\000r\000\040\000H\000o\000m\000o\000t\000o\000p\000y\000\040\000G\000r\000o\000u\000p\000s\000\040\000a\000n\000d\000\040\000t\000h\000e\000\040\000E\000x\000a\000c\000t\000\040\000S\000e\000q\000u\000e\000n\000c\000e\000\040\000o\000f\000\040\000a\000\040\000P\000a\000i\000r}{section.4}% 17
\BOOKMARK [2][-]{subsection.4.3}{\376\377\000F\000i\000b\000r\000a\000t\000i\000o\000n\000s\000\040\000a\000n\000d\000\040\000t\000h\000e\000\040\000H\000o\000m\000o\000t\000o\000p\000y\000\040\000E\000x\000a\000c\000t\000\040\000S\000e\000q\000u\000e\000n\000c\000e}{section.4}% 18
\BOOKMARK [2][-]{subsection.4.4}{\376\377\000T\000h\000e\000\040\000H\000o\000p\000f\000\040\000F\000i\000b\000r\000a\000t\000i\000o\000n}{section.4}% 19
\BOOKMARK [2][-]{subsection.4.5}{\376\377\000P\000r\000o\000j\000e\000c\000t\000i\000v\000e\000\040\000S\000p\000a\000c\000e\000s\000\040\000a\000n\000d\000\040\000O\000r\000t\000h\000o\000g\000o\000n\000a\000l\000\040\000G\000r\000o\000u\000p\000s}{section.4}% 20
\BOOKMARK [2][-]{subsection.4.6}{\376\377\000T\000h\000e\000\040\000H\000u\000r\000e\000w\000i\000c\000z\000\040\000T\000h\000e\000o\000r\000e\000m}{section.4}% 21
\BOOKMARK [1][-]{section.5}{\376\377\000C\000o\000n\000c\000l\000u\000d\000i\000n\000g\000\040\000R\000e\000m\000a\000r\000k\000s}{}% 22
